// Jest Snapshot v1, https://goo.gl/fbAQLP

exports[`Test Renders correctly 1`] = `
ShallowWrapper {
  "length": 1,
  Symbol(enzyme.__root__): [Circular],
  Symbol(enzyme.__unrendered__): <Test
    qwerty="123456"
    testFn={[Function]}
  />,
  Symbol(enzyme.__renderer__): Object {
    "batchedUpdates": [Function],
    "getNode": [Function],
    "render": [Function],
    "simulateEvent": [Function],
    "unmount": [Function],
  },
  Symbol(enzyme.__node__): Object {
    "instance": null,
    "key": null,
    "nodeType": "host",
    "props": Object {
      "children": Array [
        <div>
          <h1
            className="title"
          >
            123456
          </h1>
          <form
            action=""
          >
            <input
              className="input1"
              onChange={[Function]}
              type="text"
              value=""
            />
          </form>
        </div>,
        <div>
          <a
            className="btn"
            onClick={[Function]}
            role="button"
            tabIndex="-1"
          >
            Click
          </a>
          <a
            className="btn-fn"
            onClick={[Function]}
            role="button"
            tabIndex="-1"
          >
            Click
          </a>
        </div>,
        <div
          className="item-list"
        />,
      ],
    },
    "ref": null,
    "rendered": Array [
      Object {
        "instance": null,
        "key": null,
        "nodeType": "host",
        "props": Object {
          "children": Array [
            <h1
              className="title"
            >
              123456
            </h1>,
            <form
              action=""
            >
              <input
                className="input1"
                onChange={[Function]}
                type="text"
                value=""
              />
            </form>,
          ],
        },
        "ref": null,
        "rendered": Array [
          Object {
            "instance": null,
            "key": null,
            "nodeType": "host",
            "props": Object {
              "children": "123456",
              "className": "title",
            },
            "ref": null,
            "rendered": "123456",
            "type": "h1",
          },
          Object {
            "instance": null,
            "key": null,
            "nodeType": "host",
            "props": Object {
              "action": "",
              "children": <input
                className="input1"
                onChange={[Function]}
                type="text"
                value=""
              />,
            },
            "ref": null,
            "rendered": Object {
              "instance": null,
              "key": null,
              "nodeType": "host",
              "props": Object {
                "className": "input1",
                "onChange": [Function],
                "type": "text",
                "value": "",
              },
              "ref": null,
              "rendered": null,
              "type": "input",
            },
            "type": "form",
          },
        ],
        "type": "div",
      },
      Object {
        "instance": null,
        "key": null,
        "nodeType": "host",
        "props": Object {
          "children": Array [
            <a
              className="btn"
              onClick={[Function]}
              role="button"
              tabIndex="-1"
            >
              Click
            </a>,
            <a
              className="btn-fn"
              onClick={[Function]}
              role="button"
              tabIndex="-1"
            >
              Click
            </a>,
          ],
        },
        "ref": null,
        "rendered": Array [
          Object {
            "instance": null,
            "key": null,
            "nodeType": "host",
            "props": Object {
              "children": "Click",
              "className": "btn",
              "onClick": [Function],
              "role": "button",
              "tabIndex": "-1",
            },
            "ref": null,
            "rendered": "Click",
            "type": "a",
          },
          Object {
            "instance": null,
            "key": null,
            "nodeType": "host",
            "props": Object {
              "children": "Click",
              "className": "btn-fn",
              "onClick": [Function],
              "role": "button",
              "tabIndex": "-1",
            },
            "ref": null,
            "rendered": "Click",
            "type": "a",
          },
        ],
        "type": "div",
      },
      Object {
        "instance": null,
        "key": null,
        "nodeType": "host",
        "props": Object {
          "children": Array [],
          "className": "item-list",
        },
        "ref": null,
        "rendered": Array [],
        "type": "div",
      },
    ],
    "type": "div",
  },
  Symbol(enzyme.__nodes__): Array [
    Object {
      "instance": null,
      "key": null,
      "nodeType": "host",
      "props": Object {
        "children": Array [
          <div>
            <h1
              className="title"
            >
              123456
            </h1>
            <form
              action=""
            >
              <input
                className="input1"
                onChange={[Function]}
                type="text"
                value=""
              />
            </form>
          </div>,
          <div>
            <a
              className="btn"
              onClick={[Function]}
              role="button"
              tabIndex="-1"
            >
              Click
            </a>
            <a
              className="btn-fn"
              onClick={[Function]}
              role="button"
              tabIndex="-1"
            >
              Click
            </a>
          </div>,
          <div
            className="item-list"
          />,
        ],
      },
      "ref": null,
      "rendered": Array [
        Object {
          "instance": null,
          "key": null,
          "nodeType": "host",
          "props": Object {
            "children": Array [
              <h1
                className="title"
              >
                123456
              </h1>,
              <form
                action=""
              >
                <input
                  className="input1"
                  onChange={[Function]}
                  type="text"
                  value=""
                />
              </form>,
            ],
          },
          "ref": null,
          "rendered": Array [
            Object {
              "instance": null,
              "key": null,
              "nodeType": "host",
              "props": Object {
                "children": "123456",
                "className": "title",
              },
              "ref": null,
              "rendered": "123456",
              "type": "h1",
            },
            Object {
              "instance": null,
              "key": null,
              "nodeType": "host",
              "props": Object {
                "action": "",
                "children": <input
                  className="input1"
                  onChange={[Function]}
                  type="text"
                  value=""
                />,
              },
              "ref": null,
              "rendered": Object {
                "instance": null,
                "key": null,
                "nodeType": "host",
                "props": Object {
                  "className": "input1",
                  "onChange": [Function],
                  "type": "text",
                  "value": "",
                },
                "ref": null,
                "rendered": null,
                "type": "input",
              },
              "type": "form",
            },
          ],
          "type": "div",
        },
        Object {
          "instance": null,
          "key": null,
          "nodeType": "host",
          "props": Object {
            "children": Array [
              <a
                className="btn"
                onClick={[Function]}
                role="button"
                tabIndex="-1"
              >
                Click
              </a>,
              <a
                className="btn-fn"
                onClick={[Function]}
                role="button"
                tabIndex="-1"
              >
                Click
              </a>,
            ],
          },
          "ref": null,
          "rendered": Array [
            Object {
              "instance": null,
              "key": null,
              "nodeType": "host",
              "props": Object {
                "children": "Click",
                "className": "btn",
                "onClick": [Function],
                "role": "button",
                "tabIndex": "-1",
              },
              "ref": null,
              "rendered": "Click",
              "type": "a",
            },
            Object {
              "instance": null,
              "key": null,
              "nodeType": "host",
              "props": Object {
                "children": "Click",
                "className": "btn-fn",
                "onClick": [Function],
                "role": "button",
                "tabIndex": "-1",
              },
              "ref": null,
              "rendered": "Click",
              "type": "a",
            },
          ],
          "type": "div",
        },
        Object {
          "instance": null,
          "key": null,
          "nodeType": "host",
          "props": Object {
            "children": Array [],
            "className": "item-list",
          },
          "ref": null,
          "rendered": Array [],
          "type": "div",
        },
      ],
      "type": "div",
    },
  ],
  Symbol(enzyme.__options__): Object {
    "adapter": ReactSixteenAdapter {
      "options": Object {
        "enableComponentDidUpdateOnSetState": true,
      },
    },
  },
}
`;
